// Jest Snapshot v1, https://goo.gl/fbAQLP

exports[`Test from Carousel component Carousel snapshot test 1`] = `
<View
  style={
    Object {
      "backgroundColor": "#000000",
      "height": 0,
      "marginLeft": -16,
      "width": 742,
    }
  }
>
  <RNCViewPager
    layoutDirection="ltr"
    onMoveShouldSetResponderCapture={[Function]}
    onPageScroll={[Function]}
    onPageScrollStateChanged={[Function]}
    onPageSelected={[Function]}
    style={
      Object {
        "flex": 1,
      }
    }
  />
  <View
    style={
      Object {
        "alignSelf": "center",
        "bottom": 0,
        "flexDirection": "row",
        "position": "absolute",
      }
    }
  />
</View>
`;
