// Jest Snapshot v1, https://goo.gl/fbAQLP

exports[`Test from Icons component Icons snapshot test 1`] = `
<View
  style={Object {}}
>
  <View />
</View>
`;
